Archive member included to satisfy reference by file (symbol)

c:/st/stm32cubeide_1.11.0/stm32cubeide/plugins/com.st.stm32cube.ide.mcu.externaltools.gnu-tools-for-stm32.10.3-2021.10.win32_1.0.100.202210260954/tools/bin/../lib/gcc/arm-none-eabi/10.3.1/../../../../arm-none-eabi/lib/thumb/v7e-m+fp/hard\libc_nano.a(lib_a-ctype_.o)
                              ./Core/Src/MFS.o (_ctype_)
c:/st/stm32cubeide_1.11.0/stm32cubeide/plugins/com.st.stm32cube.ide.mcu.externaltools.gnu-tools-for-stm32.10.3-2021.10.win32_1.0.100.202210260954/tools/bin/../lib/gcc/arm-none-eabi/10.3.1/../../../../arm-none-eabi/lib/thumb/v7e-m+fp/hard\libc_nano.a(lib_a-exit.o)
                              c:/st/stm32cubeide_1.11.0/stm32cubeide/plugins/com.st.stm32cube.ide.mcu.externaltools.gnu-tools-for-stm32.10.3-2021.10.win32_1.0.100.202210260954/tools/bin/../lib/gcc/arm-none-eabi/10.3.1/../../../../arm-none-eabi/lib/thumb/v7e-m+fp/hard/crt0.o (exit)
c:/st/stm32cubeide_1.11.0/stm32cubeide/plugins/com.st.stm32cube.ide.mcu.externaltools.gnu-tools-for-stm32.10.3-2021.10.win32_1.0.100.202210260954/tools/bin/../lib/gcc/arm-none-eabi/10.3.1/../../../../arm-none-eabi/lib/thumb/v7e-m+fp/hard\libc_nano.a(lib_a-impure.o)
                              c:/st/stm32cubeide_1.11.0/stm32cubeide/plugins/com.st.stm32cube.ide.mcu.externaltools.gnu-tools-for-stm32.10.3-2021.10.win32_1.0.100.202210260954/tools/bin/../lib/gcc/arm-none-eabi/10.3.1/../../../../arm-none-eabi/lib/thumb/v7e-m+fp/hard\libc_nano.a(lib_a-exit.o) (_global_impure_ptr)
c:/st/stm32cubeide_1.11.0/stm32cubeide/plugins/com.st.stm32cube.ide.mcu.externaltools.gnu-tools-for-stm32.10.3-2021.10.win32_1.0.100.202210260954/tools/bin/../lib/gcc/arm-none-eabi/10.3.1/../../../../arm-none-eabi/lib/thumb/v7e-m+fp/hard\libc_nano.a(lib_a-init.o)
                              c:/st/stm32cubeide_1.11.0/stm32cubeide/plugins/com.st.stm32cube.ide.mcu.externaltools.gnu-tools-for-stm32.10.3-2021.10.win32_1.0.100.202210260954/tools/bin/../lib/gcc/arm-none-eabi/10.3.1/../../../../arm-none-eabi/lib/thumb/v7e-m+fp/hard/crt0.o (__libc_init_array)
c:/st/stm32cubeide_1.11.0/stm32cubeide/plugins/com.st.stm32cube.ide.mcu.externaltools.gnu-tools-for-stm32.10.3-2021.10.win32_1.0.100.202210260954/tools/bin/../lib/gcc/arm-none-eabi/10.3.1/../../../../arm-none-eabi/lib/thumb/v7e-m+fp/hard\libc_nano.a(lib_a-memcpy-stub.o)
                              ./Core/Src/MFS.o (memcpy)
c:/st/stm32cubeide_1.11.0/stm32cubeide/plugins/com.st.stm32cube.ide.mcu.externaltools.gnu-tools-for-stm32.10.3-2021.10.win32_1.0.100.202210260954/tools/bin/../lib/gcc/arm-none-eabi/10.3.1/../../../../arm-none-eabi/lib/thumb/v7e-m+fp/hard\libc_nano.a(lib_a-memset.o)
                              c:/st/stm32cubeide_1.11.0/stm32cubeide/plugins/com.st.stm32cube.ide.mcu.externaltools.gnu-tools-for-stm32.10.3-2021.10.win32_1.0.100.202210260954/tools/bin/../lib/gcc/arm-none-eabi/10.3.1/../../../../arm-none-eabi/lib/thumb/v7e-m+fp/hard/crt0.o (memset)
c:/st/stm32cubeide_1.11.0/stm32cubeide/plugins/com.st.stm32cube.ide.mcu.externaltools.gnu-tools-for-stm32.10.3-2021.10.win32_1.0.100.202210260954/tools/bin/../lib/gcc/arm-none-eabi/10.3.1/../../../../arm-none-eabi/lib/thumb/v7e-m+fp/hard\libc_nano.a(lib_a-sprintf.o)
                              ./Core/Src/MFS.o (sprintf)
c:/st/stm32cubeide_1.11.0/stm32cubeide/plugins/com.st.stm32cube.ide.mcu.externaltools.gnu-tools-for-stm32.10.3-2021.10.win32_1.0.100.202210260954/tools/bin/../lib/gcc/arm-none-eabi/10.3.1/../../../../arm-none-eabi/lib/thumb/v7e-m+fp/hard\libc_nano.a(lib_a-nano-svfprintf.o)
                              c:/st/stm32cubeide_1.11.0/stm32cubeide/plugins/com.st.stm32cube.ide.mcu.externaltools.gnu-tools-for-stm32.10.3-2021.10.win32_1.0.100.202210260954/tools/bin/../lib/gcc/arm-none-eabi/10.3.1/../../../../arm-none-eabi/lib/thumb/v7e-m+fp/hard\libc_nano.a(lib_a-sprintf.o) (_svfprintf_r)
c:/st/stm32cubeide_1.11.0/stm32cubeide/plugins/com.st.stm32cube.ide.mcu.externaltools.gnu-tools-for-stm32.10.3-2021.10.win32_1.0.100.202210260954/tools/bin/../lib/gcc/arm-none-eabi/10.3.1/../../../../arm-none-eabi/lib/thumb/v7e-m+fp/hard\libc_nano.a(lib_a-nano-vfprintf_i.o)
                              c:/st/stm32cubeide_1.11.0/stm32cubeide/plugins/com.st.stm32cube.ide.mcu.externaltools.gnu-tools-for-stm32.10.3-2021.10.win32_1.0.100.202210260954/tools/bin/../lib/gcc/arm-none-eabi/10.3.1/../../../../arm-none-eabi/lib/thumb/v7e-m+fp/hard\libc_nano.a(lib_a-nano-svfprintf.o) (_printf_i)
c:/st/stm32cubeide_1.11.0/stm32cubeide/plugins/com.st.stm32cube.ide.mcu.externaltools.gnu-tools-for-stm32.10.3-2021.10.win32_1.0.100.202210260954/tools/bin/../lib/gcc/arm-none-eabi/10.3.1/../../../../arm-none-eabi/lib/thumb/v7e-m+fp/hard\libc_nano.a(lib_a-memchr.o)
[...]
Memory Configuration

Name             Origin             Length             Attributes
RAM              0x0000000020000000 0x0000000000018000 xrw
RAM2             0x0000000010000000 0x0000000000008000 xrw
FLASH            0x0000000008000000 0x0000000000100000 xr
*default*        0x0000000000000000 0xffffffffffffffff

Linker script and memory map

LOAD c:/st/stm32cubeide_1.11.0/stm32cubeide/plugins/com.st.stm32cube.ide.mcu.externaltools.gnu-tools-for-stm32.10.3-2021.10.win32_1.0.100.202210260954/tools/bin/../lib/gcc/arm-none-eabi/10.3.1/thumb/v7e-m+fp/hard/crti.o
LOAD c:/st/stm32cubeide_1.11.0/stm32cubeide/plugins/com.st.stm32cube.ide.mcu.externaltools.gnu-tools-for-stm32.10.3-2021.10.win32_1.0.100.202210260954/tools/bin/../lib/gcc/arm-none-eabi/10.3.1/thumb/v7e-m+fp/hard/crtbegin.o
LOAD c:/st/stm32cubeide_1.11.0/stm32cubeide/plugins/com.st.stm32cube.ide.mcu.externaltools.gnu-tools-for-stm32.10.3-2021.10.win32_1.0.100.202210260954/tools/bin/../lib/gcc/arm-none-eabi/10.3.1/../../../../arm-none-eabi/lib/thumb/v7e-m+fp/hard/crt0.o
LOAD ./Core/Src/MFS.o
LOAD ./Core/Src/clock.o
LOAD ./Core/Src/main.o
LOAD ./Core/Src/system_stm32l4xx.o
LOAD ./Core/Startup/startup_stm32l476rgtx.o
START GROUP
LOAD c:/st/stm32cubeide_1.11.0/stm32cubeide/plugins/com.st.stm32cube.ide.mcu.externaltools.gnu-tools-for-stm32.10.3-2021.10.win32_1.0.100.202210260954/tools/bin/../lib/gcc/arm-none-eabi/10.3.1/../../../../arm-none-eabi/lib/thumb/v7e-m+fp/hard\libc_nano.a
LOAD c:/st/stm32cubeide_1.11.0/stm32cubeide/plugins/com.st.stm32cube.ide.mcu.externaltools.gnu-tools-for-stm32.10.3-2021.10.win32_1.0.100.202210260954/tools/bin/../lib/gcc/arm-none-eabi/10.3.1/../../../../arm-none-eabi/lib/thumb/v7e-m+fp/hard\libm.a
END GROUP
START GROUP
LOAD c:/st/stm32cubeide_1.11.0/stm32cubeide/plugins/com.st.stm32cube.ide.mcu.externaltools.gnu-tools-for-stm32.10.3-2021.10.win32_1.0.100.202210260954/tools/bin/../lib/gcc/arm-none-eabi/10.3.1/thumb/v7e-m+fp/hard\libgcc.a
LOAD c:/st/stm32cubeide_1.11.0/stm32cubeide/plugins/com.st.stm32cube.ide.mcu.externaltools.gnu-tools-for-stm32.10.3-2021.10.win32_1.0.100.202210260954/tools/bin/../lib/gcc/arm-none-eabi/10.3.1/../../../../arm-none-eabi/lib/thumb/v7e-m+fp/hard\libc_nano.a
END GROUP
START GROUP
LOAD c:/st/stm32cubeide_1.11.0/stm32cubeide/plugins/com.st.stm32cube.ide.mcu.externaltools.gnu-tools-for-stm32.10.3-2021.10.win32_1.0.100.202210260954/tools/bin/../lib/gcc/arm-none-eabi/10.3.1/thumb/v7e-m+fp/hard\libgcc.a
LOAD c:/st/stm32cubeide_1.11.0/stm32cubeide/plugins/com.st.stm32cube.ide.mcu.externaltools.gnu-tools-for-stm32.10.3-2021.10.win32_1.0.100.202210260954/tools/bin/../lib/gcc/arm-none-eabi/10.3.1/../../../../arm-none-eabi/lib/thumb/v7e-m+fp/hard\libc_nano.a
LOAD c:/st/stm32cubeide_1.11.0/stm32cubeide/plugins/com.st.stm32cube.ide.mcu.externaltools.gnu-tools-for-stm32.10.3-2021.10.win32_1.0.100.202210260954/tools/bin/../lib/gcc/arm-none-eabi/10.3.1/../../../../arm-none-eabi/lib/thumb/v7e-m+fp/hard\libnosys.a
END GROUP
START GROUP
LOAD c:/st/stm32cubeide_1.11.0/stm32cubeide/plugins/com.st.stm32cube.ide.mcu.externaltools.gnu-tools-for-stm32.10.3-2021.10.win32_1.0.100.202210260954/tools/bin/../lib/gcc/arm-none-eabi/10.3.1/thumb/v7e-m+fp/hard\libgcc.a
LOAD c:/st/stm32cubeide_1.11.0/stm32cubeide/plugins/com.st.stm32cube.ide.mcu.externaltools.gnu-tools-for-stm32.10.3-2021.10.win32_1.0.100.202210260954/tools/bin/../lib/gcc/arm-none-eabi/10.3.1/../../../../arm-none-eabi/lib/thumb/v7e-m+fp/hard\libc_nano.a
LOAD c:/st/stm32cubeide_1.11.0/stm32cubeide/plugins/com.st.stm32cube.ide.mcu.externaltools.gnu-tools-for-stm32.10.3-2021.10.win32_1.0.100.202210260954/tools/bin/../lib/gcc/arm-none-eabi/10.3.1/../../../../arm-none-eabi/lib/thumb/v7e-m+fp/hard\libnosys.a
END GROUP
LOAD c:/st/stm32cubeide_1.11.0/stm32cubeide/plugins/com.st.stm32cube.ide.mcu.externaltools.gnu-tools-for-stm32.10.3-2021.10.win32_1.0.100.202210260954/tools/bin/../lib/gcc/arm-none-eabi/10.3.1/thumb/v7e-m+fp/hard/crtend.o
LOAD c:/st/stm32cubeide_1.11.0/stm32cubeide/plugins/com.st.stm32cube.ide.mcu.externaltools.gnu-tools-for-stm32.10.3-2021.10.win32_1.0.100.202210260954/tools/bin/../lib/gcc/arm-none-eabi/10.3.1/thumb/v7e-m+fp/hard/crtn.o
                0x0000000020018000                _estack = (ORIGIN (RAM) + LENGTH (RAM))
                0x0000000000000200                _Min_Heap_Size = 0x200
                0x0000000000000400                _Min_Stack_Size = 0x400

.isr_vector     0x0000000008000000      0x188
                0x0000000008000000                . = ALIGN (0x4)
 *(.isr_vector)
 .isr_vector    0x0000000008000000      0x188 ./Core/Startup/startup_stm32l476rgtx.o
                0x0000000008000000                g_pfnVectors
                0x0000000008000188                . = ALIGN (0x4)

.text           0x0000000008000188      0x6a0
                0x0000000008000188                . = ALIGN (0x4)
 *(.text)
 .text          0x0000000008000188       0x40 c:/st/stm32cubeide_1.11.0/stm32cubeide/plugins/com.st.stm32cube.ide.mcu.externaltools.gnu-tools-for-stm32.10.3-2021.10.win32_1.0.100.202210260954/tools/bin/../lib/gcc/arm-none-eabi/10.3.1/thumb/v7e-m+fp/hard/crtbegin.o
 *(.text*)
 .text.gpio_config_input
                0x00000000080001c8       0x6c ./Core/Src/MFS.o
 .text.gpio_config_output
                0x0000000008000234       0xcc ./Core/Src/MFS.o
 .text.shiftOut
                0x0000000008000300       0x94 ./Core/Src/MFS.o
 .text.set_segment
                0x0000000008000394       0x64 ./Core/Src/MFS.o
 .text.MFS_init
                0x00000000080003f8       0xb8 ./Core/Src/MFS.o
                0x00000000080003f8                MFS_init
 .text.MFS_set_led
                0x00000000080004b0       0x60 ./Core/Src/MFS.o
                0x00000000080004b0                MFS_set_led
 .text.MFS_button_pressed
                0x0000000008000510       0x50 ./Core/Src/MFS.o
                0x0000000008000510                MFS_button_pressed
 .text.clock_init
                0x0000000008000560       0x6c ./Core/Src/clock.o
                0x0000000008000560                clock_init
 .text.check_buttons
                0x00000000080005cc       0x2a ./Core/Src/main.o
                0x00000000080005cc                check_buttons
 *fill*         0x00000000080005f6        0x2 
 .text.TIM2_init
                0x00000000080005f8       0x48 ./Core/Src/main.o
 .text.TIM2_get_count
                0x0000000008000640       0x14 ./Core/Src/main.o
 .text.main     0x0000000008000654       0x1a ./Core/Src/main.o
                0x0000000008000654                main
 *fill*         0x000000000800066e        0x2 
 .text.function_one
                0x0000000008000670       0x18 ./Core/Src/main.o
                0x0000000008000670                function_one
 .text.function_two
                0x0000000008000688       0x18 ./Core/Src/main.o
                0x0000000008000688                function_two
 .text.function_three
                0x00000000080006a0       0x70 ./Core/Src/main.o
                0x00000000080006a0                function_three
 .text.SystemInit
                0x0000000008000710       0x64 ./Core/Src/system_stm32l4xx.o
                0x0000000008000710                SystemInit
 .text.Reset_Handler
                0x0000000008000774       0x50 ./Core/Startup/startup_stm32l476rgtx.o
                0x0000000008000774                Reset_Handler
 .text.Default_Handler
                0x00000000080007c4        0x2 ./Core/Startup/startup_stm32l476rgtx.o
                0x00000000080007c4                RTC_Alarm_IRQHandler
                0x00000000080007c4                EXTI2_IRQHandler
                0x00000000080007c4                TIM8_TRG_COM_IRQHandler
                0x00000000080007c4                TIM8_CC_IRQHandler
                0x00000000080007c4                DebugMon_Handler
                0x00000000080007c4                TIM1_CC_IRQHandler
                0x00000000080007c4                TSC_IRQHandler
                0x00000000080007c4                HardFault_Handler
                0x00000000080007c4                SysTick_Handler
                0x00000000080007c4                TAMP_STAMP_IRQHandler
                0x00000000080007c4                PendSV_Handler
                0x00000000080007c4                NMI_Handler
                0x00000000080007c4                EXTI3_IRQHandler
                0x00000000080007c4                LPTIM2_IRQHandler
                0x00000000080007c4                DFSDM1_FLT1_IRQHandler
                0x00000000080007c4                I2C3_ER_IRQHandler
                0x00000000080007c4                DFSDM1_FLT2_IRQHandler
                0x00000000080007c4                EXTI0_IRQHandler
                0x00000000080007c4                I2C2_EV_IRQHandler
                0x00000000080007c4                CAN1_RX0_IRQHandler
                0x00000000080007c4                FPU_IRQHandler
                0x00000000080007c4                TIM1_UP_TIM16_IRQHandler
                0x00000000080007c4                UsageFault_Handler
                0x00000000080007c4                ADC1_2_IRQHandler
                0x00000000080007c4                SPI1_IRQHandler
                0x00000000080007c4                TIM6_DAC_IRQHandler
                0x00000000080007c4                TIM8_UP_IRQHandler
                0x00000000080007c4                DMA2_Channel2_IRQHandler
                0x00000000080007c4                DMA1_Channel4_IRQHandler
                0x00000000080007c4                SAI2_IRQHandler
                0x00000000080007c4                DFSDM1_FLT3_IRQHandler
                0x00000000080007c4                USART3_IRQHandler
                0x00000000080007c4                DMA1_Channel7_IRQHandler
                0x00000000080007c4                CAN1_RX1_IRQHandler
                0x00000000080007c4                LCD_IRQHandler
                0x00000000080007c4                UART5_IRQHandler
                0x00000000080007c4                ADC3_IRQHandler
                0x00000000080007c4                TIM4_IRQHandler
                0x00000000080007c4                DMA2_Channel1_IRQHandler
                0x00000000080007c4                QUADSPI_IRQHandler
                0x00000000080007c4                I2C1_EV_IRQHandler
                0x00000000080007c4                DMA1_Channel6_IRQHandler
                0x00000000080007c4                UART4_IRQHandler
                0x00000000080007c4                DMA2_Channel4_IRQHandler
                0x00000000080007c4                TIM3_IRQHandler
                0x00000000080007c4                RCC_IRQHandler
                0x00000000080007c4                DMA1_Channel1_IRQHandler
                0x00000000080007c4                Default_Handler
                0x00000000080007c4                DMA2_Channel7_IRQHandler
                0x00000000080007c4                EXTI15_10_IRQHandler
                0x00000000080007c4                TIM7_IRQHandler
                0x00000000080007c4                SDMMC1_IRQHandler
                0x00000000080007c4                TIM5_IRQHandler
                0x00000000080007c4                I2C3_EV_IRQHandler
                0x00000000080007c4                EXTI9_5_IRQHandler
                0x00000000080007c4                RTC_WKUP_IRQHandler
                0x00000000080007c4                PVD_PVM_IRQHandler
                0x00000000080007c4                SPI2_IRQHandler
                0x00000000080007c4                MemManage_Handler
                0x00000000080007c4                CAN1_TX_IRQHandler
                0x00000000080007c4                SVC_Handler
                0x00000000080007c4                DMA2_Channel5_IRQHandler
                0x00000000080007c4                DMA1_Channel5_IRQHandler
                0x00000000080007c4                EXTI4_IRQHandler
                0x00000000080007c4                RNG_IRQHandler
                0x00000000080007c4                TIM1_TRG_COM_TIM17_IRQHandler
                0x00000000080007c4                DMA1_Channel3_IRQHandler
                0x00000000080007c4                COMP_IRQHandler
                0x00000000080007c4                WWDG_IRQHandler
                0x00000000080007c4                LPUART1_IRQHandler
                0x00000000080007c4                DMA2_Channel6_IRQHandler
                0x00000000080007c4                TIM2_IRQHandler
                0x00000000080007c4                EXTI1_IRQHandler
                0x00000000080007c4                USART2_IRQHandler
                0x00000000080007c4                DFSDM1_FLT0_IRQHandler
                0x00000000080007c4                I2C2_ER_IRQHandler
                0x00000000080007c4                DMA1_Channel2_IRQHandler
                0x00000000080007c4                TIM8_BRK_IRQHandler
                0x00000000080007c4                CAN1_SCE_IRQHandler
                0x00000000080007c4                FLASH_IRQHandler
                0x00000000080007c4                BusFault_Handler
                0x00000000080007c4                USART1_IRQHandler
                0x00000000080007c4                OTG_FS_IRQHandler
                0x00000000080007c4                SPI3_IRQHandler
                0x00000000080007c4                I2C1_ER_IRQHandler
                0x00000000080007c4                FMC_IRQHandler
                0x00000000080007c4                SWPMI1_IRQHandler
                0x00000000080007c4                LPTIM1_IRQHandler
                0x00000000080007c4                SAI1_IRQHandler
                0x00000000080007c4                DMA2_Channel3_IRQHandler
                0x00000000080007c4                TIM1_BRK_TIM15_IRQHandler
 *fill*         0x00000000080007c6        0x2 
 .text.__libc_init_array
                0x00000000080007c8       0x48 c:/st/stm32cubeide_1.11.0/stm32cubeide/plugins/com.st.stm32cube.ide.mcu.externaltools.gnu-tools-for-stm32.10.3-2021.10.win32_1.0.100.202210260954/tools/bin/../lib/gcc/arm-none-eabi/10.3.1/../../../../arm-none-eabi/lib/thumb/v7e-m+fp/hard\libc_nano.a(lib_a-init.o)
                0x00000000080007c8                __libc_init_array
 *(.glue_7)
 .glue_7        0x0000000008000810        0x0 linker stubs
 *(.glue_7t)
 .glue_7t       0x0000000008000810        0x0 linker stubs
 *(.eh_frame)
 .eh_frame      0x0000000008000810        0x0 c:/st/stm32cubeide_1.11.0/stm32cubeide/plugins/com.st.stm32cube.ide.mcu.externaltools.gnu-tools-for-stm32.10.3-2021.10.win32_1.0.100.202210260954/tools/bin/../lib/gcc/arm-none-eabi/10.3.1/thumb/v7e-m+fp/hard/crtbegin.o
 *(.init)
 .init          0x0000000008000810        0x4 c:/st/stm32cubeide_1.11.0/stm32cubeide/plugins/com.st.stm32cube.ide.mcu.externaltools.gnu-tools-for-stm32.10.3-2021.10.win32_1.0.100.202210260954/tools/bin/../lib/gcc/arm-none-eabi/10.3.1/thumb/v7e-m+fp/hard/crti.o
                0x0000000008000810                _init
 .init          0x0000000008000814        0x8 c:/st/stm32cubeide_1.11.0/stm32cubeide/plugins/com.st.stm32cube.ide.mcu.externaltools.gnu-tools-for-stm32.10.3-2021.10.win32_1.0.100.202210260954/tools/bin/../lib/gcc/arm-none-eabi/10.3.1/thumb/v7e-m+fp/hard/crtn.o
 *(.fini)
 .fini          0x000000000800081c        0x4 c:/st/stm32cubeide_1.11.0/stm32cubeide/plugins/com.st.stm32cube.ide.mcu.externaltools.gnu-tools-for-stm32.10.3-2021.10.win32_1.0.100.202210260954/tools/bin/../lib/gcc/arm-none-eabi/10.3.1/thumb/v7e-m+fp/hard/crti.o
                0x000000000800081c                _fini
 .fini          0x0000000008000820        0x8 c:/st/stm32cubeide_1.11.0/stm32cubeide/plugins/com.st.stm32cube.ide.mcu.externaltools.gnu-tools-for-stm32.10.3-2021.10.win32_1.0.100.202210260954/tools/bin/../lib/gcc/arm-none-eabi/10.3.1/thumb/v7e-m+fp/hard/crtn.o
                0x0000000008000828                . = ALIGN (0x4)
                0x0000000008000828                _etext = .

.vfp11_veneer   0x0000000008000828        0x0
 .vfp11_veneer  0x0000000008000828        0x0 linker stubs

.v4_bx          0x0000000008000828        0x0
 .v4_bx         0x0000000008000828        0x0 linker stubs

.iplt           0x0000000008000828        0x0
 .iplt          0x0000000008000828        0x0 c:/st/stm32cubeide_1.11.0/stm32cubeide/plugins/com.st.stm32cube.ide.mcu.externaltools.gnu-tools-for-stm32.10.3-2021.10.win32_1.0.100.202210260954/tools/bin/../lib/gcc/arm-none-eabi/10.3.1/thumb/v7e-m+fp/hard/crtbegin.o

.rodata         0x0000000008000828        0x4
                0x0000000008000828                . = ALIGN (0x4)
 *(.rodata)
 *(.rodata*)
 .rodata.SEGMENT_SELECT
                0x0000000008000828        0x4 ./Core/Src/MFS.o
                0x000000000800082c                . = ALIGN (0x4)

.rel.dyn        0x000000000800082c        0x0
 .rel.iplt      0x000000000800082c        0x0 c:/st/stm32cubeide_1.11.0/stm32cubeide/plugins/com.st.stm32cube.ide.mcu.externaltools.gnu-tools-for-stm32.10.3-2021.10.win32_1.0.100.202210260954/tools/bin/../lib/gcc/arm-none-eabi/10.3.1/thumb/v7e-m+fp/hard/crtbegin.o

.ARM.extab      0x000000000800082c        0x0
                0x000000000800082c                . = ALIGN (0x4)
 *(.ARM.extab* .gnu.linkonce.armextab.*)
                0x000000000800082c                . = ALIGN (0x4)

.ARM            0x000000000800082c        0x0
                0x000000000800082c                . = ALIGN (0x4)
                0x000000000800082c                __exidx_start = .
 *(.ARM.exidx*)
                0x000000000800082c                __exidx_end = .
                0x000000000800082c                . = ALIGN (0x4)

.preinit_array  0x000000000800082c        0x0
                0x000000000800082c                . = ALIGN (0x4)
                0x000000000800082c                PROVIDE (__preinit_array_start = .)
 *(.preinit_array*)
                0x000000000800082c                PROVIDE (__preinit_array_end = .)
                0x000000000800082c                . = ALIGN (0x4)

.init_array     0x000000000800082c        0x4
                0x000000000800082c                . = ALIGN (0x4)
                0x000000000800082c                PROVIDE (__init_array_start = .)
 *(SORT_BY_NAME(.init_array.*))
 *(.init_array*)
 .init_array    0x000000000800082c        0x4 c:/st/stm32cubeide_1.11.0/stm32cubeide/plugins/com.st.stm32cube.ide.mcu.externaltools.gnu-tools-for-stm32.10.3-2021.10.win32_1.0.100.202210260954/tools/bin/../lib/gcc/arm-none-eabi/10.3.1/thumb/v7e-m+fp/hard/crtbegin.o
                0x0000000008000830                PROVIDE (__init_array_end = .)
                0x0000000008000830                . = ALIGN (0x4)

.fini_array     0x0000000008000830        0x4
                0x0000000008000830                . = ALIGN (0x4)
                [!provide]                        PROVIDE (__fini_array_start = .)
 *(SORT_BY_NAME(.fini_array.*))
 *(.fini_array*)
 .fini_array    0x0000000008000830        0x4 c:/st/stm32cubeide_1.11.0/stm32cubeide/plugins/com.st.stm32cube.ide.mcu.externaltools.gnu-tools-for-stm32.10.3-2021.10.win32_1.0.100.202210260954/tools/bin/../lib/gcc/arm-none-eabi/10.3.1/thumb/v7e-m+fp/hard/crtbegin.o
                [!provide]                        PROVIDE (__fini_array_end = .)
                0x0000000008000834                . = ALIGN (0x4)
                0x0000000008000834                _sidata = LOADADDR (.data)

.data           0x0000000020000000       0x68 load address 0x0000000008000834
                0x0000000020000000                . = ALIGN (0x4)
                0x0000000020000000                _sdata = .
 *(.data)
 *(.data*)
 .data.leds     0x0000000020000000       0x28 ./Core/Src/MFS.o
 .data.buttons  0x0000000020000028       0x20 ./Core/Src/MFS.o
 .data.seg7     0x0000000020000048       0x18 ./Core/Src/MFS.o
 .data.currLED  0x0000000020000060        0x4 ./Core/Src/main.o
                0x0000000020000060                currLED
 .data.enable   0x0000000020000064        0x4 ./Core/Src/main.o
                0x0000000020000064                enable
 *(.RamFunc)
 *(.RamFunc*)
                0x0000000020000068                . = ALIGN (0x4)
                0x0000000020000068                _edata = .

.igot.plt       0x0000000020000068        0x0 load address 0x000000000800089c
 .igot.plt      0x0000000020000068        0x0 c:/st/stm32cubeide_1.11.0/stm32cubeide/plugins/com.st.stm32cube.ide.mcu.externaltools.gnu-tools-for-stm32.10.3-2021.10.win32_1.0.100.202210260954/tools/bin/../lib/gcc/arm-none-eabi/10.3.1/thumb/v7e-m+fp/hard/crtbegin.o
                0x0000000020000068                . = ALIGN (0x4)

.bss            0x0000000020000068       0x24 load address 0x000000000800089c
                0x0000000020000068                _sbss = .
                0x0000000020000068                __bss_start__ = _sbss
 *(.bss)
 .bss           0x0000000020000068       0x1c c:/st/stm32cubeide_1.11.0/stm32cubeide/plugins/com.st.stm32cube.ide.mcu.externaltools.gnu-tools-for-stm32.10.3-2021.10.win32_1.0.100.202210260954/tools/bin/../lib/gcc/arm-none-eabi/10.3.1/thumb/v7e-m+fp/hard/crtbegin.o
 *(.bss*)
 .bss.disable   0x0000000020000084        0x4 ./Core/Src/main.o
                0x0000000020000084                disable
 .bss.prevCount
                0x0000000020000088        0x4 ./Core/Src/main.o
                0x0000000020000088                prevCount
 *(COMMON)
                0x000000002000008c                . = ALIGN (0x4)
                0x000000002000008c                _ebss = .
                0x000000002000008c                __bss_end__ = _ebss

._user_heap_stack
                0x000000002000008c      0x604 load address 0x000000000800089c
                0x0000000020000090                . = ALIGN (0x8)
 *fill*         0x000000002000008c        0x4 
                0x0000000020000090                PROVIDE (end = .)
                [!provide]                        PROVIDE (_end = .)
                0x0000000020000290                . = (. + _Min_Heap_Size)
 *fill*         0x0000000020000090      0x200 
                0x0000000020000690                . = (. + _Min_Stack_Size)
 *fill*         0x0000000020000290      0x400 
                0x0000000020000690                . = ALIGN (0x8)

/DISCARD/
 libc.a(*)
 libm.a(*)
 libgcc.a(*)

.ARM.attributes
                0x0000000000000000       0x30
 *(.ARM.attributes)
 .ARM.attributes
                0x0000000000000000       0x1e c:/st/stm32cubeide_1.11.0/stm32cubeide/plugins/com.st.stm32cube.ide.mcu.externaltools.gnu-tools-for-stm32.10.3-2021.10.win32_1.0.100.202210260954/tools/bin/../lib/gcc/arm-none-eabi/10.3.1/thumb/v7e-m+fp/hard/crti.o
 .ARM.attributes
                0x000000000000001e       0x34 c:/st/stm32cubeide_1.11.0/stm32cubeide/plugins/com.st.stm32cube.ide.mcu.externaltools.gnu-tools-for-stm32.10.3-2021.10.win32_1.0.100.202210260954/tools/bin/../lib/gcc/arm-none-eabi/10.3.1/thumb/v7e-m+fp/hard/crtbegin.o
 .ARM.attributes
                0x0000000000000052       0x34 ./Core/Src/MFS.o
 .ARM.attributes
                0x0000000000000086       0x34 ./Core/Src/clock.o
 .ARM.attributes
                0x00000000000000ba       0x34 ./Core/Src/main.o
 .ARM.attributes
                0x00000000000000ee       0x34 ./Core/Src/system_stm32l4xx.o
 .ARM.attributes
                0x0000000000000122       0x21 ./Core/Startup/startup_stm32l476rgtx.o
 .ARM.attributes
                0x0000000000000143       0x34 c:/st/stm32cubeide_1.11.0/stm32cubeide/plugins/com.st.stm32cube.ide.mcu.externaltools.gnu-tools-for-stm32.10.3-2021.10.win32_1.0.100.202210260954/tools/bin/../lib/gcc/arm-none-eabi/10.3.1/../../../../arm-none-eabi/lib/thumb/v7e-m+fp/hard\libc_nano.a(lib_a-init.o)
 .ARM.attributes
                0x0000000000000177       0x1e c:/st/stm32cubeide_1.11.0/stm32cubeide/plugins/com.st.stm32cube.ide.mcu.externaltools.gnu-tools-for-stm32.10.3-2021.10.win32_1.0.100.202210260954/tools/bin/../lib/gcc/arm-none-eabi/10.3.1/thumb/v7e-m+fp/hard/crtn.o
OUTPUT(C-Exam.elf elf32-littlearm)
LOAD linker stubs
LOAD c:/st/stm32cubeide_1.11.0/stm32cubeide/plugins/com.st.stm32cube.ide.mcu.externaltools.gnu-tools-for-stm32.10.3-2021.10.win32_1.0.100.202210260954/tools/bin/../lib/gcc/arm-none-eabi/10.3.1/../../../../arm-none-eabi/lib/thumb/v7e-m+fp/hard\libc.a
LOAD c:/st/stm32cubeide_1.11.0/stm32cubeide/plugins/com.st.stm32cube.ide.mcu.externaltools.gnu-tools-for-stm32.10.3-2021.10.win32_1.0.100.202210260954/tools/bin/../lib/gcc/arm-none-eabi/10.3.1/../../../../arm-none-eabi/lib/thumb/v7e-m+fp/hard\libm.a
LOAD c:/st/stm32cubeide_1.11.0/stm32cubeide/plugins/com.st.stm32cube.ide.mcu.externaltools.gnu-tools-for-stm32.10.3-2021.10.win32_1.0.100.202210260954/tools/bin/../lib/gcc/arm-none-eabi/10.3.1/thumb/v7e-m+fp/hard\libgcc.a

.debug_info     0x0000000000000000     0x1829
 .debug_info    0x0000000000000000      0xa19 ./Core/Src/MFS.o
 .debug_info    0x0000000000000a19      0x2ca ./Core/Src/clock.o
 .debug_info    0x0000000000000ce3      0x55e ./Core/Src/main.o
 .debug_info    0x0000000000001241      0x5c6 ./Core/Src/system_stm32l4xx.o
 .debug_info    0x0000000000001807       0x22 ./Core/Startup/startup_stm32l476rgtx.o

.debug_abbrev   0x0000000000000000      0x57f
 .debug_abbrev  0x0000000000000000      0x246 ./Core/Src/MFS.o
 .debug_abbrev  0x0000000000000246       0x9d ./Core/Src/clock.o
 .debug_abbrev  0x00000000000002e3      0x174 ./Core/Src/main.o
 .debug_abbrev  0x0000000000000457      0x116 ./Core/Src/system_stm32l4xx.o
 .debug_abbrev  0x000000000000056d       0x12 ./Core/Startup/startup_stm32l476rgtx.o

.debug_aranges  0x0000000000000000      0x140
 .debug_aranges
                0x0000000000000000       0x80 ./Core/Src/MFS.o
 .debug_aranges
                0x0000000000000080       0x20 ./Core/Src/clock.o
 .debug_aranges
                0x00000000000000a0       0x50 ./Core/Src/main.o
 .debug_aranges
                0x00000000000000f0       0x28 ./Core/Src/system_stm32l4xx.o
 .debug_aranges
                0x0000000000000118       0x28 ./Core/Startup/startup_stm32l476rgtx.o

.debug_ranges   0x0000000000000000       0xf8
 .debug_ranges  0x0000000000000000       0x70 ./Core/Src/MFS.o
 .debug_ranges  0x0000000000000070       0x10 ./Core/Src/clock.o
 .debug_ranges  0x0000000000000080       0x40 ./Core/Src/main.o
 .debug_ranges  0x00000000000000c0       0x18 ./Core/Src/system_stm32l4xx.o
 .debug_ranges  0x00000000000000d8       0x20 ./Core/Startup/startup_stm32l476rgtx.o

.debug_macro    0x0000000000000000    0x1d552
 .debug_macro   0x0000000000000000      0x266 ./Core/Src/MFS.o
 .debug_macro   0x0000000000000266      0xa72 ./Core/Src/MFS.o
 .debug_macro   0x0000000000000cd8       0x28 ./Core/Src/MFS.o
 .debug_macro   0x0000000000000d00       0x22 ./Core/Src/MFS.o
 .debug_macro   0x0000000000000d22       0x8e ./Core/Src/MFS.o
 .debug_macro   0x0000000000000db0       0x51 ./Core/Src/MFS.o
 .debug_macro   0x0000000000000e01      0x103 ./Core/Src/MFS.o
 .debug_macro   0x0000000000000f04       0x6a ./Core/Src/MFS.o
 .debug_macro   0x0000000000000f6e      0x1df ./Core/Src/MFS.o
 .debug_macro   0x000000000000114d       0x1c ./Core/Src/MFS.o
 .debug_macro   0x0000000000001169       0x22 ./Core/Src/MFS.o
 .debug_macro   0x000000000000118b       0xfb ./Core/Src/MFS.o
 .debug_macro   0x0000000000001286     0x1011 ./Core/Src/MFS.o
 .debug_macro   0x0000000000002297      0x11f ./Core/Src/MFS.o
 .debug_macro   0x00000000000023b6    0x1a13d ./Core/Src/MFS.o
 .debug_macro   0x000000000001c4f3       0x52 ./Core/Src/MFS.o
 .debug_macro   0x000000000001c545       0x1e ./Core/Src/MFS.o
 .debug_macro   0x000000000001c563       0x3c ./Core/Src/MFS.o
 .debug_macro   0x000000000001c59f       0x34 ./Core/Src/MFS.o
 .debug_macro   0x000000000001c5d3      0x174 ./Core/Src/MFS.o
 .debug_macro   0x000000000001c747      0x341 ./Core/Src/MFS.o
 .debug_macro   0x000000000001ca88      0x119 ./Core/Src/MFS.o
 .debug_macro   0x000000000001cba1       0x1c ./Core/Src/MFS.o
 .debug_macro   0x000000000001cbbd       0x35 ./Core/Src/MFS.o
 .debug_macro   0x000000000001cbf2       0x10 ./Core/Src/MFS.o
 .debug_macro   0x000000000001cc02       0x16 ./Core/Src/MFS.o
 .debug_macro   0x000000000001cc18       0x43 ./Core/Src/MFS.o
 .debug_macro   0x000000000001cc5b       0x34 ./Core/Src/MFS.o
 .debug_macro   0x000000000001cc8f       0x10 ./Core/Src/MFS.o
 .debug_macro   0x000000000001cc9f       0x58 ./Core/Src/MFS.o
 .debug_macro   0x000000000001ccf7       0x71 ./Core/Src/MFS.o
 .debug_macro   0x000000000001cd68       0x1c ./Core/Src/MFS.o
 .debug_macro   0x000000000001cd84      0x12a ./Core/Src/MFS.o
 .debug_macro   0x000000000001ceae       0x10 ./Core/Src/MFS.o
 .debug_macro   0x000000000001cebe       0x1c ./Core/Src/MFS.o
 .debug_macro   0x000000000001ceda       0x52 ./Core/Src/MFS.o
 .debug_macro   0x000000000001cf2c       0x22 ./Core/Src/MFS.o
 .debug_macro   0x000000000001cf4e       0x10 ./Core/Src/MFS.o
 .debug_macro   0x000000000001cf5e       0x52 ./Core/Src/MFS.o
 .debug_macro   0x000000000001cfb0       0xd5 ./Core/Src/MFS.o
 .debug_macro   0x000000000001d085       0x1c ./Core/Src/MFS.o
 .debug_macro   0x000000000001d0a1       0x3d ./Core/Src/MFS.o
 .debug_macro   0x000000000001d0de       0x16 ./Core/Src/MFS.o
 .debug_macro   0x000000000001d0f4      0x145 ./Core/Src/MFS.o
 .debug_macro   0x000000000001d239       0x16 ./Core/Src/MFS.o
 .debug_macro   0x000000000001d24f       0x20 ./Core/Src/MFS.o
 .debug_macro   0x000000000001d26f       0xbf ./Core/Src/clock.o
 .debug_macro   0x000000000001d32e       0xd3 ./Core/Src/main.o
 .debug_macro   0x000000000001d401       0xe0 ./Core/Src/system_stm32l4xx.o
 .debug_macro   0x000000000001d4e1       0x2e ./Core/Src/system_stm32l4xx.o
 .debug_macro   0x000000000001d50f       0x43 ./Core/Src/system_stm32l4xx.o

.debug_line     0x0000000000000000     0x19d4
 .debug_line    0x0000000000000000      0xa6f ./Core/Src/MFS.o
 .debug_line    0x0000000000000a6f      0x47f ./Core/Src/clock.o
 .debug_line    0x0000000000000eee      0x53f ./Core/Src/main.o
 .debug_line    0x000000000000142d      0x520 ./Core/Src/system_stm32l4xx.o
 .debug_line    0x000000000000194d       0x87 ./Core/Startup/startup_stm32l476rgtx.o

.debug_str      0x0000000000000000    0xa2f39
 .debug_str     0x0000000000000000    0xa29e7 ./Core/Src/MFS.o
                                      0xa2c32 (size before relaxing)
 .debug_str     0x00000000000a29e7       0x1f ./Core/Src/clock.o
                                      0x9e0d5 (size before relaxing)
 .debug_str     0x00000000000a2a06       0xec ./Core/Src/main.o
                                      0x9e1ef (size before relaxing)
 .debug_str     0x00000000000a2af2      0x411 ./Core/Src/system_stm32l4xx.o
                                      0x9e4d9 (size before relaxing)
 .debug_str     0x00000000000a2f03       0x36 ./Core/Startup/startup_stm32l476rgtx.o
                                         0x70 (size before relaxing)

.comment        0x0000000000000000       0x50
 .comment       0x0000000000000000       0x50 ./Core/Src/MFS.o
                                         0x51 (size before relaxing)
 .comment       0x0000000000000050       0x51 ./Core/Src/clock.o
 .comment       0x0000000000000050       0x51 ./Core/Src/main.o
 .comment       0x0000000000000050       0x51 ./Core/Src/system_stm32l4xx.o

.debug_frame    0x0000000000000000      0x390
 .debug_frame   0x0000000000000000      0x1f8 ./Core/Src/MFS.o
 .debug_frame   0x00000000000001f8       0x30 ./Core/Src/clock.o
 .debug_frame   0x0000000000000228       0xe4 ./Core/Src/main.o
 .debug_frame   0x000000000000030c       0x58 ./Core/Src/system_stm32l4xx.o
 .debug_frame   0x0000000000000364       0x2c c:/st/stm32cubeide_1.11.0/stm32cubeide/plugins/com.st.stm32cube.ide.mcu.externaltools.gnu-tools-for-stm32.10.3-2021.10.win32_1.0.100.202210260954/tools/bin/../lib/gcc/arm-none-eabi/10.3.1/../../../../arm-none-eabi/lib/thumb/v7e-m+fp/hard\libc_nano.a(lib_a-init.o)
